
Allocating common symbols
Common symbol       size              file

ticker              0x4               ..\obj\main.o
APP_Tx_Buffer       0x80              ..\obj\usbd_cdc_vcp.o
usbd_cdc_OtherCfgDesc
                    0x43              ..\obj\usbd_cdc_core.o
APP_tx_ptr_tail     0x4               ..\obj\usbd_cdc_vcp.o
downTicker          0x4               ..\obj\main.o
USB_Rx_Buffer       0x40              ..\obj\usbd_cdc_core.o
USART_InitStructure
                    0x10              ..\obj\usbd_cdc_vcp.o
CmdBuff             0x8               ..\obj\usbd_cdc_core.o
USB_OTG_dev         0x5f0             ..\obj\main.o
APP_Rx_Buffer       0x800             ..\obj\usbd_cdc_core.o
USBD_StrDesc        0x32              ..\obj\usbd_req.o
APP_tx_ptr_head     0x4               ..\obj\usbd_cdc_vcp.o

Discarded input sections

 .text          0x00000000        0x0 ..\obj\usb_core.o
 .data          0x00000000        0x0 ..\obj\usb_core.o
 .bss           0x00000000        0x0 ..\obj\usb_core.o
 .text.USB_OTG_IsHostMode
                0x00000000       0x24 ..\obj\usb_core.o
 .text.USB_OTG_ReadOtgItr
                0x00000000       0x18 ..\obj\usb_core.o
 .text.USB_OTG_ActiveRemoteWakeup
                0x00000000       0x90 ..\obj\usb_core.o
 .text.USB_OTG_StopDevice
                0x00000000       0x80 ..\obj\usb_core.o
 .text.USB_OTG_GetEPStatus
                0x00000000       0xac ..\obj\usb_core.o
 .text.USB_OTG_SetEPStatus
                0x00000000      0x12c ..\obj\usb_core.o
 .text          0x00000000        0x0 ..\obj\usbd_usr.o
 .bss           0x00000000        0x0 ..\obj\usbd_usr.o
 .text          0x00000000        0x0 ..\obj\stm32f4xx_usart.o
 .data          0x00000000        0x0 ..\obj\stm32f4xx_usart.o
 .bss           0x00000000        0x0 ..\obj\stm32f4xx_usart.o
 .text.USART_DeInit
                0x00000000       0xd4 ..\obj\stm32f4xx_usart.o
 .text.USART_StructInit
                0x00000000       0x38 ..\obj\stm32f4xx_usart.o
 .text.USART_ClockInit
                0x00000000       0x54 ..\obj\stm32f4xx_usart.o
 .text.USART_ClockStructInit
                0x00000000       0x2c ..\obj\stm32f4xx_usart.o
 .text.USART_SetPrescaler
                0x00000000       0x38 ..\obj\stm32f4xx_usart.o
 .text.USART_OverSampling8Cmd
                0x00000000       0x44 ..\obj\stm32f4xx_usart.o
 .text.USART_OneBitMethodCmd
                0x00000000       0x40 ..\obj\stm32f4xx_usart.o
 .text.USART_ReceiveData
                0x00000000       0x20 ..\obj\stm32f4xx_usart.o
 .text.USART_SetAddress
                0x00000000       0x38 ..\obj\stm32f4xx_usart.o
 .text.USART_ReceiverWakeUpCmd
                0x00000000       0x40 ..\obj\stm32f4xx_usart.o
 .text.USART_WakeUpConfig
                0x00000000       0x38 ..\obj\stm32f4xx_usart.o
 .text.USART_LINBreakDetectLengthConfig
                0x00000000       0x38 ..\obj\stm32f4xx_usart.o
 .text.USART_LINCmd
                0x00000000       0x40 ..\obj\stm32f4xx_usart.o
 .text.USART_SendBreak
                0x00000000       0x24 ..\obj\stm32f4xx_usart.o
 .text.USART_HalfDuplexCmd
                0x00000000       0x40 ..\obj\stm32f4xx_usart.o
 .text.USART_SetGuardTime
                0x00000000       0x3c ..\obj\stm32f4xx_usart.o
 .text.USART_SmartCardCmd
                0x00000000       0x40 ..\obj\stm32f4xx_usart.o
 .text.USART_SmartCardNACKCmd
                0x00000000       0x40 ..\obj\stm32f4xx_usart.o
 .text.USART_IrDAConfig
                0x00000000       0x38 ..\obj\stm32f4xx_usart.o
 .text.USART_IrDACmd
                0x00000000       0x40 ..\obj\stm32f4xx_usart.o
 .text.USART_DMACmd
                0x00000000       0x48 ..\obj\stm32f4xx_usart.o
 .text.USART_ClearFlag
                0x00000000       0x20 ..\obj\stm32f4xx_usart.o
 .text.USART_ClearITPendingBit
                0x00000000       0x38 ..\obj\stm32f4xx_usart.o
 .text          0x00000000        0x0 ..\obj\stm32f4xx_dac.o
 .data          0x00000000        0x0 ..\obj\stm32f4xx_dac.o
 .bss           0x00000000        0x0 ..\obj\stm32f4xx_dac.o
 .text.DAC_DeInit
                0x00000000       0x1c ..\obj\stm32f4xx_dac.o
 .text.DAC_StructInit
                0x00000000       0x2c ..\obj\stm32f4xx_dac.o
 .text.DAC_SoftwareTriggerCmd
                0x00000000       0x4c ..\obj\stm32f4xx_dac.o
 .text.DAC_DualSoftwareTriggerCmd
                0x00000000       0x38 ..\obj\stm32f4xx_dac.o
 .text.DAC_WaveGenerationCmd
                0x00000000       0x4c ..\obj\stm32f4xx_dac.o
 .text.DAC_SetChannel2Data
                0x00000000       0x34 ..\obj\stm32f4xx_dac.o
 .text.DAC_SetDualChannelData
                0x00000000       0x58 ..\obj\stm32f4xx_dac.o
 .text.DAC_GetDataOutputValue
                0x00000000       0x30 ..\obj\stm32f4xx_dac.o
 .text.DAC_ITConfig
                0x00000000       0x4c ..\obj\stm32f4xx_dac.o
 .text.DAC_GetFlagStatus
                0x00000000       0x3c ..\obj\stm32f4xx_dac.o
 .text.DAC_ClearFlag
                0x00000000       0x24 ..\obj\stm32f4xx_dac.o
 .text.DAC_GetITStatus
                0x00000000       0x54 ..\obj\stm32f4xx_dac.o
 .text.DAC_ClearITPendingBit
                0x00000000       0x24 ..\obj\stm32f4xx_dac.o
 .text          0x00000000        0x0 ..\obj\startup_stm32f4xx.o
 .data          0x00000000        0x0 ..\obj\startup_stm32f4xx.o
 .bss           0x00000000        0x0 ..\obj\startup_stm32f4xx.o
 .text          0x00000000        0x0 ..\obj\usbd_core.o
 .bss           0x00000000        0x0 ..\obj\usbd_core.o
 .text          0x00000000        0x0 ..\obj\main.o
 .data          0x00000000        0x0 ..\obj\main.o
 .bss           0x00000000        0x0 ..\obj\main.o
 .text          0x00000000        0x0 ..\obj\stm32f4xx_rcc.o
 .bss           0x00000000        0x0 ..\obj\stm32f4xx_rcc.o
 .text.RCC_DeInit
                0x00000000       0x50 ..\obj\stm32f4xx_rcc.o
 .text.RCC_HSEConfig
                0x00000000       0x24 ..\obj\stm32f4xx_rcc.o
 .text.RCC_WaitForHSEStartUp
                0x00000000       0x50 ..\obj\stm32f4xx_rcc.o
 .text.RCC_AdjustHSICalibrationValue
                0x00000000       0x3c ..\obj\stm32f4xx_rcc.o
 .text.RCC_HSICmd
                0x00000000       0x20 ..\obj\stm32f4xx_rcc.o
 .text.RCC_LSEConfig
                0x00000000       0x40 ..\obj\stm32f4xx_rcc.o
 .text.RCC_LSICmd
                0x00000000       0x20 ..\obj\stm32f4xx_rcc.o
 .text.RCC_PLLConfig
                0x00000000       0x3c ..\obj\stm32f4xx_rcc.o
 .text.RCC_PLLCmd
                0x00000000       0x20 ..\obj\stm32f4xx_rcc.o
 .text.RCC_PLLI2SConfig
                0x00000000       0x28 ..\obj\stm32f4xx_rcc.o
 .text.RCC_PLLI2SCmd
                0x00000000       0x20 ..\obj\stm32f4xx_rcc.o
 .text.RCC_ClockSecuritySystemCmd
                0x00000000       0x20 ..\obj\stm32f4xx_rcc.o
 .text.RCC_MCO1Config
                0x00000000       0x3c ..\obj\stm32f4xx_rcc.o
 .text.RCC_MCO2Config
                0x00000000       0x3c ..\obj\stm32f4xx_rcc.o
 .text.RCC_SYSCLKConfig
                0x00000000       0x38 ..\obj\stm32f4xx_rcc.o
 .text.RCC_GetSYSCLKSource
                0x00000000       0x1c ..\obj\stm32f4xx_rcc.o
 .text.RCC_HCLKConfig
                0x00000000       0x38 ..\obj\stm32f4xx_rcc.o
 .text.RCC_PCLK1Config
                0x00000000       0x38 ..\obj\stm32f4xx_rcc.o
 .text.RCC_PCLK2Config
                0x00000000       0x38 ..\obj\stm32f4xx_rcc.o
 .text.RCC_RTCCLKConfig
                0x00000000       0x5c ..\obj\stm32f4xx_rcc.o
 .text.RCC_RTCCLKCmd
                0x00000000       0x20 ..\obj\stm32f4xx_rcc.o
 .text.RCC_BackupResetCmd
                0x00000000       0x20 ..\obj\stm32f4xx_rcc.o
 .text.RCC_I2SCLKConfig
                0x00000000       0x1c ..\obj\stm32f4xx_rcc.o
 .text.RCC_AHB3PeriphClockCmd
                0x00000000       0x3c ..\obj\stm32f4xx_rcc.o
 .text.RCC_AHB1PeriphResetCmd
                0x00000000       0x3c ..\obj\stm32f4xx_rcc.o
 .text.RCC_AHB2PeriphResetCmd
                0x00000000       0x3c ..\obj\stm32f4xx_rcc.o
 .text.RCC_AHB3PeriphResetCmd
                0x00000000       0x3c ..\obj\stm32f4xx_rcc.o
 .text.RCC_APB2PeriphResetCmd
                0x00000000       0x3c ..\obj\stm32f4xx_rcc.o
 .text.RCC_AHB1PeriphClockLPModeCmd
                0x00000000       0x3c ..\obj\stm32f4xx_rcc.o
 .text.RCC_AHB2PeriphClockLPModeCmd
                0x00000000       0x3c ..\obj\stm32f4xx_rcc.o
 .text.RCC_AHB3PeriphClockLPModeCmd
                0x00000000       0x3c ..\obj\stm32f4xx_rcc.o
 .text.RCC_APB1PeriphClockLPModeCmd
                0x00000000       0x3c ..\obj\stm32f4xx_rcc.o
 .text.RCC_APB2PeriphClockLPModeCmd
                0x00000000       0x3c ..\obj\stm32f4xx_rcc.o
 .text.RCC_ITConfig
                0x00000000       0x4c ..\obj\stm32f4xx_rcc.o
 .text.RCC_GetFlagStatus
                0x00000000       0x74 ..\obj\stm32f4xx_rcc.o
 .text.RCC_ClearFlag
                0x00000000       0x1c ..\obj\stm32f4xx_rcc.o
 .text.RCC_GetITStatus
                0x00000000       0x34 ..\obj\stm32f4xx_rcc.o
 .text.RCC_ClearITPendingBit
                0x00000000       0x20 ..\obj\stm32f4xx_rcc.o
 .text          0x00000000        0x0 ..\obj\init.o
 .data          0x00000000        0x0 ..\obj\init.o
 .bss           0x00000000        0x0 ..\obj\init.o
 .text.delay    0x00000000       0x28 ..\obj\init.o
 .text          0x00000000        0x0 ..\obj\usbd_desc.o
 .bss           0x00000000        0x0 ..\obj\usbd_desc.o
 .text          0x00000000        0x0 ..\obj\stm32f4xx_gpio.o
 .data          0x00000000        0x0 ..\obj\stm32f4xx_gpio.o
 .bss           0x00000000        0x0 ..\obj\stm32f4xx_gpio.o
 .text.GPIO_DeInit
                0x00000000      0x120 ..\obj\stm32f4xx_gpio.o
 .text.GPIO_StructInit
                0x00000000       0x34 ..\obj\stm32f4xx_gpio.o
 .text.GPIO_PinLockConfig
                0x00000000       0x44 ..\obj\stm32f4xx_gpio.o
 .text.GPIO_ReadInputData
                0x00000000       0x18 ..\obj\stm32f4xx_gpio.o
 .text.GPIO_ReadOutputDataBit
                0x00000000       0x34 ..\obj\stm32f4xx_gpio.o
 .text.GPIO_ReadOutputData
                0x00000000       0x18 ..\obj\stm32f4xx_gpio.o
 .text.GPIO_WriteBit
                0x00000000       0x30 ..\obj\stm32f4xx_gpio.o
 .text.GPIO_Write
                0x00000000       0x1c ..\obj\stm32f4xx_gpio.o
 .text.GPIO_ToggleBits
                0x00000000       0x24 ..\obj\stm32f4xx_gpio.o
 .text          0x00000000        0x0 ..\obj\usbd_cdc_vcp.o
 .bss           0x00000000        0x0 ..\obj\usbd_cdc_vcp.o
 .text.VCP_send_str
                0x00000000       0x30 ..\obj\usbd_cdc_vcp.o
 .text.VCP_send_buffer
                0x00000000       0x1c ..\obj\usbd_cdc_vcp.o
 .text.VCP_get_char
                0x00000000       0x54 ..\obj\usbd_cdc_vcp.o
 .text.VCP_get_string
                0x00000000      0x11c ..\obj\usbd_cdc_vcp.o
 .text.EVAL_COM_IRQHandler
                0x00000000        0xc ..\obj\usbd_cdc_vcp.o
 .text          0x00000000        0x0 ..\obj\system_stm32f4xx.o
 .bss           0x00000000        0x0 ..\obj\system_stm32f4xx.o
 .text          0x00000000        0x0 ..\obj\stm32f4xx_dma.o
 .data          0x00000000        0x0 ..\obj\stm32f4xx_dma.o
 .bss           0x00000000        0x0 ..\obj\stm32f4xx_dma.o
 .text.DMA_DeInit
                0x00000000      0x1a4 ..\obj\stm32f4xx_dma.o
 .text.DMA_StructInit
                0x00000000       0x6c ..\obj\stm32f4xx_dma.o
 .text.DMA_PeriphIncOffsetSizeConfig
                0x00000000       0x34 ..\obj\stm32f4xx_dma.o
 .text.DMA_FlowControllerConfig
                0x00000000       0x34 ..\obj\stm32f4xx_dma.o
 .text.DMA_SetCurrDataCounter
                0x00000000       0x1c ..\obj\stm32f4xx_dma.o
 .text.DMA_GetCurrDataCounter
                0x00000000       0x18 ..\obj\stm32f4xx_dma.o
 .text.DMA_DoubleBufferModeConfig
                0x00000000       0x3c ..\obj\stm32f4xx_dma.o
 .text.DMA_DoubleBufferModeCmd
                0x00000000       0x38 ..\obj\stm32f4xx_dma.o
 .text.DMA_MemoryTargetConfig
                0x00000000       0x2c ..\obj\stm32f4xx_dma.o
 .text.DMA_GetCurrentMemoryTarget
                0x00000000       0x30 ..\obj\stm32f4xx_dma.o
 .text.DMA_GetCmdStatus
                0x00000000       0x30 ..\obj\stm32f4xx_dma.o
 .text.DMA_GetFIFOStatus
                0x00000000       0x24 ..\obj\stm32f4xx_dma.o
 .text.DMA_GetFlagStatus
                0x00000000       0x74 ..\obj\stm32f4xx_dma.o
 .text.DMA_ClearFlag
                0x00000000       0x5c ..\obj\stm32f4xx_dma.o
 .text.DMA_ITConfig
                0x00000000       0x74 ..\obj\stm32f4xx_dma.o
 .text.DMA_GetITStatus
                0x00000000       0xac ..\obj\stm32f4xx_dma.o
 .text.DMA_ClearITPendingBit
                0x00000000       0x5c ..\obj\stm32f4xx_dma.o
 .text          0x00000000        0x0 ..\obj\usb_bsp.o
 .data          0x00000000        0x0 ..\obj\usb_bsp.o
 .bss           0x00000000        0x0 ..\obj\usb_bsp.o
 .text.USB_OTG_BSP_ConfigVBUS
                0x00000000       0x14 ..\obj\usb_bsp.o
 .text.USB_OTG_BSP_DriveVBUS
                0x00000000       0x18 ..\obj\usb_bsp.o
 .text          0x00000000        0x0 ..\obj\usbd_req.o
 .data          0x00000000        0x0 ..\obj\usbd_req.o
 .text          0x00000000        0x0 ..\obj\usb_dcd_int.o
 .data          0x00000000        0x0 ..\obj\usb_dcd_int.o
 .bss           0x00000000        0x0 ..\obj\usb_dcd_int.o
 .text          0x00000000        0x0 ..\obj\usbd_cdc_core.o
 .text          0x00000000        0x0 ..\obj\VCP.o
 .data          0x00000000        0x0 ..\obj\VCP.o
 .bss           0x00000000        0x0 ..\obj\VCP.o
 .text          0x00000000        0x0 ..\obj\stm32f4xx_exti.o
 .data          0x00000000        0x0 ..\obj\stm32f4xx_exti.o
 .bss           0x00000000        0x0 ..\obj\stm32f4xx_exti.o
 .text.EXTI_DeInit
                0x00000000       0x34 ..\obj\stm32f4xx_exti.o
 .text.EXTI_Init
                0x00000000       0xe4 ..\obj\stm32f4xx_exti.o
 .text.EXTI_StructInit
                0x00000000       0x2c ..\obj\stm32f4xx_exti.o
 .text.EXTI_GenerateSWInterrupt
                0x00000000       0x24 ..\obj\stm32f4xx_exti.o
 .text.EXTI_GetFlagStatus
                0x00000000       0x34 ..\obj\stm32f4xx_exti.o
 .text.EXTI_ClearFlag
                0x00000000       0x1c ..\obj\stm32f4xx_exti.o
 .text.EXTI_GetITStatus
                0x00000000       0x48 ..\obj\stm32f4xx_exti.o
 .text          0x00000000        0x0 ..\obj\misc.o
 .data          0x00000000        0x0 ..\obj\misc.o
 .bss           0x00000000        0x0 ..\obj\misc.o
 .text.NVIC_SetVectorTable
                0x00000000       0x2c ..\obj\misc.o
 .text.NVIC_SystemLPConfig
                0x00000000       0x40 ..\obj\misc.o
 .text.SysTick_CLKSourceConfig
                0x00000000       0x38 ..\obj\misc.o
 .text          0x00000000        0x0 ..\obj\usb_dcd.o
 .data          0x00000000        0x0 ..\obj\usb_dcd.o
 .bss           0x00000000        0x0 ..\obj\usb_dcd.o
 .text.DCD_EP_Flush
                0x00000000       0x34 ..\obj\usb_dcd.o
 .text.DCD_DevConnect
                0x00000000       0x30 ..\obj\usb_dcd.o
 .text.DCD_DevDisconnect
                0x00000000       0x30 ..\obj\usb_dcd.o
 .text.DCD_GetEPStatus
                0x00000000       0x5c ..\obj\usb_dcd.o
 .text.DCD_SetEPStatus
                0x00000000       0x58 ..\obj\usb_dcd.o
 .text          0x00000000        0x0 ..\obj\stm32f4xx_rtc.o
 .data          0x00000000        0x0 ..\obj\stm32f4xx_rtc.o
 .bss           0x00000000        0x0 ..\obj\stm32f4xx_rtc.o
 .text.RTC_DeInit
                0x00000000       0xdc ..\obj\stm32f4xx_rtc.o
 .text.RTC_Init
                0x00000000       0x78 ..\obj\stm32f4xx_rtc.o
 .text.RTC_StructInit
                0x00000000       0x24 ..\obj\stm32f4xx_rtc.o
 .text.RTC_WriteProtectionCmd
                0x00000000       0x34 ..\obj\stm32f4xx_rtc.o
 .text.RTC_EnterInitMode
                0x00000000       0x70 ..\obj\stm32f4xx_rtc.o
 .text.RTC_ExitInitMode
                0x00000000       0x1c ..\obj\stm32f4xx_rtc.o
 .text.RTC_WaitForSynchro
                0x00000000       0x74 ..\obj\stm32f4xx_rtc.o
 .text.RTC_RefClockCmd
                0x00000000       0x68 ..\obj\stm32f4xx_rtc.o
 .text.RTC_BypassShadowCmd
                0x00000000       0x4c ..\obj\stm32f4xx_rtc.o
 .text.RTC_SetTime
                0x00000000      0x104 ..\obj\stm32f4xx_rtc.o
 .text.RTC_TimeStructInit
                0x00000000       0x2c ..\obj\stm32f4xx_rtc.o
 .text.RTC_GetTime
                0x00000000       0xa4 ..\obj\stm32f4xx_rtc.o
 .text.RTC_GetSubSecond
                0x00000000       0x24 ..\obj\stm32f4xx_rtc.o
 .text.RTC_SetDate
                0x00000000      0x10c ..\obj\stm32f4xx_rtc.o
 .text.RTC_DateStructInit
                0x00000000       0x2c ..\obj\stm32f4xx_rtc.o
 .text.RTC_GetDate
                0x00000000       0x9c ..\obj\stm32f4xx_rtc.o
 .text.RTC_SetAlarm
                0x00000000      0x138 ..\obj\stm32f4xx_rtc.o
 .text.RTC_AlarmStructInit
                0x00000000       0x3c ..\obj\stm32f4xx_rtc.o
 .text.RTC_GetAlarm
                0x00000000       0xe4 ..\obj\stm32f4xx_rtc.o
 .text.RTC_AlarmCmd
                0x00000000       0x98 ..\obj\stm32f4xx_rtc.o
 .text.RTC_AlarmSubSecondConfig
                0x00000000       0x50 ..\obj\stm32f4xx_rtc.o
 .text.RTC_GetAlarmSubSecond
                0x00000000       0x3c ..\obj\stm32f4xx_rtc.o
 .text.RTC_WakeUpClockConfig
                0x00000000       0x40 ..\obj\stm32f4xx_rtc.o
 .text.RTC_SetWakeUpCounter
                0x00000000       0x30 ..\obj\stm32f4xx_rtc.o
 .text.RTC_GetWakeUpCounter
                0x00000000       0x18 ..\obj\stm32f4xx_rtc.o
 .text.RTC_WakeUpCmd
                0x00000000       0x90 ..\obj\stm32f4xx_rtc.o
 .text.RTC_DayLightSavingConfig
                0x00000000       0x48 ..\obj\stm32f4xx_rtc.o
 .text.RTC_GetStoreOperation
                0x00000000       0x18 ..\obj\stm32f4xx_rtc.o
 .text.RTC_OutputConfig
                0x00000000       0x48 ..\obj\stm32f4xx_rtc.o
 .text.RTC_CoarseCalibConfig
                0x00000000       0x50 ..\obj\stm32f4xx_rtc.o
 .text.RTC_CoarseCalibCmd
                0x00000000       0x68 ..\obj\stm32f4xx_rtc.o
 .text.RTC_CalibOutputCmd
                0x00000000       0x4c ..\obj\stm32f4xx_rtc.o
 .text.RTC_CalibOutputConfig
                0x00000000       0x40 ..\obj\stm32f4xx_rtc.o
 .text.RTC_SmoothCalibConfig
                0x00000000       0x84 ..\obj\stm32f4xx_rtc.o
 .text.RTC_TimeStampCmd
                0x00000000       0x60 ..\obj\stm32f4xx_rtc.o
 .text.RTC_GetTimeStamp
                0x00000000      0x120 ..\obj\stm32f4xx_rtc.o
 .text.RTC_GetTimeStampSubSecond
                0x00000000       0x14 ..\obj\stm32f4xx_rtc.o
 .text.RTC_TamperTriggerConfig
                0x00000000       0x40 ..\obj\stm32f4xx_rtc.o
 .text.RTC_TamperCmd
                0x00000000       0x3c ..\obj\stm32f4xx_rtc.o
 .text.RTC_TamperFilterConfig
                0x00000000       0x30 ..\obj\stm32f4xx_rtc.o
 .text.RTC_TamperSamplingFreqConfig
                0x00000000       0x30 ..\obj\stm32f4xx_rtc.o
 .text.RTC_TamperPinsPrechargeDuration
                0x00000000       0x30 ..\obj\stm32f4xx_rtc.o
 .text.RTC_TimeStampOnTamperDetectionCmd
                0x00000000       0x38 ..\obj\stm32f4xx_rtc.o
 .text.RTC_TamperPullUpCmd
                0x00000000       0x38 ..\obj\stm32f4xx_rtc.o
 .text.RTC_WriteBackupRegister
                0x00000000       0x34 ..\obj\stm32f4xx_rtc.o
 .text.RTC_ReadBackupRegister
                0x00000000       0x2c ..\obj\stm32f4xx_rtc.o
 .text.RTC_TamperPinSelection
                0x00000000       0x30 ..\obj\stm32f4xx_rtc.o
 .text.RTC_TimeStampPinSelection
                0x00000000       0x30 ..\obj\stm32f4xx_rtc.o
 .text.RTC_OutputTypeConfig
                0x00000000       0x30 ..\obj\stm32f4xx_rtc.o
 .text.RTC_SynchroShiftConfig
                0x00000000       0x9c ..\obj\stm32f4xx_rtc.o
 .text.RTC_ITConfig
                0x00000000       0x78 ..\obj\stm32f4xx_rtc.o
 .text.RTC_GetFlagStatus
                0x00000000       0x40 ..\obj\stm32f4xx_rtc.o
 .text.RTC_ClearFlag
                0x00000000       0x30 ..\obj\stm32f4xx_rtc.o
 .text.RTC_GetITStatus
                0x00000000       0x68 ..\obj\stm32f4xx_rtc.o
 .text.RTC_ClearITPendingBit
                0x00000000       0x38 ..\obj\stm32f4xx_rtc.o
 .text.RTC_ByteToBcd2
                0x00000000       0x38 ..\obj\stm32f4xx_rtc.o
 .text.RTC_Bcd2ToByte
                0x00000000       0x38 ..\obj\stm32f4xx_rtc.o
 .debug_info    0x00000000     0x10eb ..\obj\stm32f4xx_rtc.o
 .debug_abbrev  0x00000000      0x1b0 ..\obj\stm32f4xx_rtc.o
 .debug_aranges
                0x00000000      0x1e0 ..\obj\stm32f4xx_rtc.o
 .debug_ranges  0x00000000      0x1d0 ..\obj\stm32f4xx_rtc.o
 .debug_line    0x00000000      0x7ef ..\obj\stm32f4xx_rtc.o
 .debug_str     0x00000000      0xb49 ..\obj\stm32f4xx_rtc.o
 .comment       0x00000000       0x6f ..\obj\stm32f4xx_rtc.o
 .debug_frame   0x00000000      0x8b0 ..\obj\stm32f4xx_rtc.o
 .ARM.attributes
                0x00000000       0x33 ..\obj\stm32f4xx_rtc.o
 .text          0x00000000        0x0 ..\obj\usbd_ioreq.o
 .data          0x00000000        0x0 ..\obj\usbd_ioreq.o
 .bss           0x00000000        0x0 ..\obj\usbd_ioreq.o
 .text.USBD_GetRxCount
                0x00000000       0x2c ..\obj\usbd_ioreq.o
 .text          0x00000000        0x0 ..\obj\stm32f4xx_tim.o
 .data          0x00000000        0x0 ..\obj\stm32f4xx_tim.o
 .bss           0x00000000        0x0 ..\obj\stm32f4xx_tim.o
 .text.TIM_DeInit
                0x00000000      0x1c0 ..\obj\stm32f4xx_tim.o
 .text.TIM_TimeBaseStructInit
                0x00000000       0x34 ..\obj\stm32f4xx_tim.o
 .text.TIM_PrescalerConfig
                0x00000000       0x28 ..\obj\stm32f4xx_tim.o
 .text.TIM_CounterModeConfig
                0x00000000       0x38 ..\obj\stm32f4xx_tim.o
 .text.TIM_SetAutoreload
                0x00000000       0x1c ..\obj\stm32f4xx_tim.o
 .text.TIM_GetCounter
                0x00000000       0x18 ..\obj\stm32f4xx_tim.o
 .text.TIM_GetPrescaler
                0x00000000       0x18 ..\obj\stm32f4xx_tim.o
 .text.TIM_UpdateDisableConfig
                0x00000000       0x40 ..\obj\stm32f4xx_tim.o
 .text.TIM_UpdateRequestConfig
                0x00000000       0x40 ..\obj\stm32f4xx_tim.o
 .text.TIM_ARRPreloadConfig
                0x00000000       0x40 ..\obj\stm32f4xx_tim.o
 .text.TIM_SelectOnePulseMode
                0x00000000       0x38 ..\obj\stm32f4xx_tim.o
 .text.TIM_SetClockDivision
                0x00000000       0x38 ..\obj\stm32f4xx_tim.o
 .text.TIM_OC1Init
                0x00000000       0xf4 ..\obj\stm32f4xx_tim.o
 .text.TIM_OC2Init
                0x00000000      0x110 ..\obj\stm32f4xx_tim.o
 .text.TIM_OC3Init
                0x00000000      0x10c ..\obj\stm32f4xx_tim.o
 .text.TIM_OC4Init
                0x00000000       0xcc ..\obj\stm32f4xx_tim.o
 .text.TIM_OCStructInit
                0x00000000       0x44 ..\obj\stm32f4xx_tim.o
 .text.TIM_SelectOCxM
                0x00000000       0xb0 ..\obj\stm32f4xx_tim.o
 .text.TIM_SetCompare1
                0x00000000       0x1c ..\obj\stm32f4xx_tim.o
 .text.TIM_SetCompare2
                0x00000000       0x1c ..\obj\stm32f4xx_tim.o
 .text.TIM_SetCompare3
                0x00000000       0x1c ..\obj\stm32f4xx_tim.o
 .text.TIM_SetCompare4
                0x00000000       0x1c ..\obj\stm32f4xx_tim.o
 .text.TIM_ForcedOC1Config
                0x00000000       0x38 ..\obj\stm32f4xx_tim.o
 .text.TIM_ForcedOC2Config
                0x00000000       0x3c ..\obj\stm32f4xx_tim.o
 .text.TIM_ForcedOC3Config
                0x00000000       0x38 ..\obj\stm32f4xx_tim.o
 .text.TIM_ForcedOC4Config
                0x00000000       0x3c ..\obj\stm32f4xx_tim.o
 .text.TIM_OC1PreloadConfig
                0x00000000       0x38 ..\obj\stm32f4xx_tim.o
 .text.TIM_OC2PreloadConfig
                0x00000000       0x3c ..\obj\stm32f4xx_tim.o
 .text.TIM_OC3PreloadConfig
                0x00000000       0x38 ..\obj\stm32f4xx_tim.o
 .text.TIM_OC4PreloadConfig
                0x00000000       0x3c ..\obj\stm32f4xx_tim.o
 .text.TIM_OC1FastConfig
                0x00000000       0x38 ..\obj\stm32f4xx_tim.o
 .text.TIM_OC2FastConfig
                0x00000000       0x3c ..\obj\stm32f4xx_tim.o
 .text.TIM_OC3FastConfig
                0x00000000       0x38 ..\obj\stm32f4xx_tim.o
 .text.TIM_OC4FastConfig
                0x00000000       0x3c ..\obj\stm32f4xx_tim.o
 .text.TIM_ClearOC1Ref
                0x00000000       0x38 ..\obj\stm32f4xx_tim.o
 .text.TIM_ClearOC2Ref
                0x00000000       0x3c ..\obj\stm32f4xx_tim.o
 .text.TIM_ClearOC3Ref
                0x00000000       0x38 ..\obj\stm32f4xx_tim.o
 .text.TIM_ClearOC4Ref
                0x00000000       0x3c ..\obj\stm32f4xx_tim.o
 .text.TIM_OC1PolarityConfig
                0x00000000       0x38 ..\obj\stm32f4xx_tim.o
 .text.TIM_OC1NPolarityConfig
                0x00000000       0x38 ..\obj\stm32f4xx_tim.o
 .text.TIM_OC2PolarityConfig
                0x00000000       0x3c ..\obj\stm32f4xx_tim.o
 .text.TIM_OC2NPolarityConfig
                0x00000000       0x3c ..\obj\stm32f4xx_tim.o
 .text.TIM_OC3PolarityConfig
                0x00000000       0x3c ..\obj\stm32f4xx_tim.o
 .text.TIM_OC3NPolarityConfig
                0x00000000       0x3c ..\obj\stm32f4xx_tim.o
 .text.TIM_OC4PolarityConfig
                0x00000000       0x3c ..\obj\stm32f4xx_tim.o
 .text.TIM_CCxCmd
                0x00000000       0x58 ..\obj\stm32f4xx_tim.o
 .text.TIM_CCxNCmd
                0x00000000       0x58 ..\obj\stm32f4xx_tim.o
 .text.TIM_ICInit
                0x00000000       0xa8 ..\obj\stm32f4xx_tim.o
 .text.TIM_ICStructInit
                0x00000000       0x30 ..\obj\stm32f4xx_tim.o
 .text.TIM_PWMIConfig
                0x00000000       0xb8 ..\obj\stm32f4xx_tim.o
 .text.TIM_GetCapture1
                0x00000000       0x18 ..\obj\stm32f4xx_tim.o
 .text.TIM_GetCapture2
                0x00000000       0x18 ..\obj\stm32f4xx_tim.o
 .text.TIM_GetCapture3
                0x00000000       0x18 ..\obj\stm32f4xx_tim.o
 .text.TIM_GetCapture4
                0x00000000       0x18 ..\obj\stm32f4xx_tim.o
 .text.TIM_SetIC1Prescaler
                0x00000000       0x38 ..\obj\stm32f4xx_tim.o
 .text.TIM_SetIC2Prescaler
                0x00000000       0x3c ..\obj\stm32f4xx_tim.o
 .text.TIM_SetIC3Prescaler
                0x00000000       0x38 ..\obj\stm32f4xx_tim.o
 .text.TIM_SetIC4Prescaler
                0x00000000       0x3c ..\obj\stm32f4xx_tim.o
 .text.TIM_BDTRConfig
                0x00000000       0x50 ..\obj\stm32f4xx_tim.o
 .text.TIM_BDTRStructInit
                0x00000000       0x3c ..\obj\stm32f4xx_tim.o
 .text.TIM_CtrlPWMOutputs
                0x00000000       0x4c ..\obj\stm32f4xx_tim.o
 .text.TIM_SelectCOM
                0x00000000       0x40 ..\obj\stm32f4xx_tim.o
 .text.TIM_CCPreloadControl
                0x00000000       0x40 ..\obj\stm32f4xx_tim.o
 .text.TIM_ITConfig
                0x00000000       0x48 ..\obj\stm32f4xx_tim.o
 .text.TIM_GenerateEvent
                0x00000000       0x1c ..\obj\stm32f4xx_tim.o
 .text.TIM_ClearFlag
                0x00000000       0x20 ..\obj\stm32f4xx_tim.o
 .text.TIM_GetITStatus
                0x00000000       0x54 ..\obj\stm32f4xx_tim.o
 .text.TIM_ClearITPendingBit
                0x00000000       0x20 ..\obj\stm32f4xx_tim.o
 .text.TIM_DMAConfig
                0x00000000       0x28 ..\obj\stm32f4xx_tim.o
 .text.TIM_DMACmd
                0x00000000       0x48 ..\obj\stm32f4xx_tim.o
 .text.TIM_SelectCCDMA
                0x00000000       0x40 ..\obj\stm32f4xx_tim.o
 .text.TIM_InternalClockConfig
                0x00000000       0x24 ..\obj\stm32f4xx_tim.o
 .text.TIM_ITRxExternalClockConfig
                0x00000000       0x30 ..\obj\stm32f4xx_tim.o
 .text.TIM_TIxExternalClockConfig
                0x00000000       0x5c ..\obj\stm32f4xx_tim.o
 .text.TIM_ETRClockMode1Config
                0x00000000       0x60 ..\obj\stm32f4xx_tim.o
 .text.TIM_ETRClockMode2Config
                0x00000000       0x40 ..\obj\stm32f4xx_tim.o
 .text.TIM_SelectInputTrigger
                0x00000000       0x38 ..\obj\stm32f4xx_tim.o
 .text.TIM_SelectSlaveMode
                0x00000000       0x38 ..\obj\stm32f4xx_tim.o
 .text.TIM_SelectMasterSlaveMode
                0x00000000       0x38 ..\obj\stm32f4xx_tim.o
 .text.TIM_ETRConfig
                0x00000000       0x54 ..\obj\stm32f4xx_tim.o
 .text.TIM_EncoderInterfaceConfig
                0x00000000       0x98 ..\obj\stm32f4xx_tim.o
 .text.TIM_SelectHallSensor
                0x00000000       0x40 ..\obj\stm32f4xx_tim.o
 .text.TIM_RemapConfig
                0x00000000       0x20 ..\obj\stm32f4xx_tim.o
 .text.TI1_Config
                0x00000000       0x84 ..\obj\stm32f4xx_tim.o
 .text.TI2_Config
                0x00000000       0x98 ..\obj\stm32f4xx_tim.o
 .text.TI3_Config
                0x00000000       0x90 ..\obj\stm32f4xx_tim.o
 .text.TI4_Config
                0x00000000       0x9c ..\obj\stm32f4xx_tim.o

Memory Configuration

Name             Origin             Length             Attributes
rom              0x08000000         0x00100000         xr
ram              0x20000000         0x00020000         xrw
ram1             0x10000000         0x00010000         xrw
*default*        0x00000000         0xffffffff

Linker script and memory map

                0x20020000                _eram = 0x20020000

.text           0x08000000     0x5a52
 *(.isr_vector)
 .isr_vector    0x08000000      0x188 ..\obj\startup_stm32f4xx.o
                0x08000000                g_pfnVectors
 *(.text*)
 .text.USB_OTG_EnableCommonInt
                0x08000188       0x44 ..\obj\usb_core.o
 .text.USB_OTG_CoreReset
                0x080001cc       0x90 ..\obj\usb_core.o
 .text.USB_OTG_WritePacket
                0x0800025c       0x74 ..\obj\usb_core.o
                0x0800025c                USB_OTG_WritePacket
 .text.USB_OTG_ReadPacket
                0x080002d0       0x58 ..\obj\usb_core.o
                0x080002d0                USB_OTG_ReadPacket
 .text.USB_OTG_SelectCore
                0x08000328      0x174 ..\obj\usb_core.o
                0x08000328                USB_OTG_SelectCore
 .text.USB_OTG_CoreInit
                0x0800049c      0x1dc ..\obj\usb_core.o
                0x0800049c                USB_OTG_CoreInit
 .text.USB_OTG_EnableGlobalInt
                0x08000678       0x34 ..\obj\usb_core.o
                0x08000678                USB_OTG_EnableGlobalInt
 .text.USB_OTG_DisableGlobalInt
                0x080006ac       0x38 ..\obj\usb_core.o
                0x080006ac                USB_OTG_DisableGlobalInt
 .text.USB_OTG_FlushTxFifo
                0x080006e4       0x74 ..\obj\usb_core.o
                0x080006e4                USB_OTG_FlushTxFifo
 .text.USB_OTG_FlushRxFifo
                0x08000758       0x60 ..\obj\usb_core.o
                0x08000758                USB_OTG_FlushRxFifo
 .text.USB_OTG_SetCurrentMode
                0x080007b8       0x60 ..\obj\usb_core.o
                0x080007b8                USB_OTG_SetCurrentMode
 .text.USB_OTG_GetMode
                0x08000818       0x1c ..\obj\usb_core.o
                0x08000818                USB_OTG_GetMode
 .text.USB_OTG_IsDeviceMode
                0x08000834       0x24 ..\obj\usb_core.o
                0x08000834                USB_OTG_IsDeviceMode
 .text.USB_OTG_ReadCoreItr
                0x08000858       0x2c ..\obj\usb_core.o
                0x08000858                USB_OTG_ReadCoreItr
 .text.USB_OTG_InitDevSpeed
                0x08000884       0x38 ..\obj\usb_core.o
                0x08000884                USB_OTG_InitDevSpeed
 .text.USB_OTG_CoreInitDev
                0x080008bc      0x264 ..\obj\usb_core.o
                0x080008bc                USB_OTG_CoreInitDev
 .text.USB_OTG_EnableDevInt
                0x08000b20       0x98 ..\obj\usb_core.o
                0x08000b20                USB_OTG_EnableDevInt
 .text.USB_OTG_GetDeviceSpeed
                0x08000bb8       0x48 ..\obj\usb_core.o
                0x08000bb8                USB_OTG_GetDeviceSpeed
 .text.USB_OTG_EP0Activate
                0x08000c00       0x74 ..\obj\usb_core.o
                0x08000c00                USB_OTG_EP0Activate
 .text.USB_OTG_EPActivate
                0x08000c74       0xdc ..\obj\usb_core.o
                0x08000c74                USB_OTG_EPActivate
 .text.USB_OTG_EPDeactivate
                0x08000d50       0x88 ..\obj\usb_core.o
                0x08000d50                USB_OTG_EPDeactivate
 .text.USB_OTG_EPStartXfer
                0x08000dd8      0x280 ..\obj\usb_core.o
                0x08000dd8                USB_OTG_EPStartXfer
 .text.USB_OTG_EP0StartXfer
                0x08001058      0x1d4 ..\obj\usb_core.o
                0x08001058                USB_OTG_EP0StartXfer
 .text.USB_OTG_EPSetStall
                0x0800122c       0x84 ..\obj\usb_core.o
                0x0800122c                USB_OTG_EPSetStall
 .text.USB_OTG_EPClearStall
                0x080012b0       0x74 ..\obj\usb_core.o
                0x080012b0                USB_OTG_EPClearStall
 .text.USB_OTG_ReadDevAllOutEp_itr
                0x08001324       0x2c ..\obj\usb_core.o
                0x08001324                USB_OTG_ReadDevAllOutEp_itr
 .text.USB_OTG_ReadDevOutEP_itr
                0x08001350       0x34 ..\obj\usb_core.o
                0x08001350                USB_OTG_ReadDevOutEP_itr
 .text.USB_OTG_ReadDevAllInEPItr
                0x08001384       0x2c ..\obj\usb_core.o
                0x08001384                USB_OTG_ReadDevAllInEPItr
 .text.USB_OTG_EP0_OutStart
                0x080013b0       0x70 ..\obj\usb_core.o
                0x080013b0                USB_OTG_EP0_OutStart
 .text.USB_OTG_UngateClock
                0x08001420       0x54 ..\obj\usb_core.o
                0x08001420                USB_OTG_UngateClock
 .text.USBD_USR_Init
                0x08001474        0xc ..\obj\usbd_usr.o
                0x08001474                USBD_USR_Init
 .text.USBD_USR_DeviceReset
                0x08001480       0x28 ..\obj\usbd_usr.o
                0x08001480                USBD_USR_DeviceReset
 .text.USBD_USR_DeviceConfigured
                0x080014a8        0xc ..\obj\usbd_usr.o
                0x080014a8                USBD_USR_DeviceConfigured
 .text.USBD_USR_DeviceConnected
                0x080014b4        0xc ..\obj\usbd_usr.o
                0x080014b4                USBD_USR_DeviceConnected
 .text.USBD_USR_DeviceDisconnected
                0x080014c0        0xc ..\obj\usbd_usr.o
                0x080014c0                USBD_USR_DeviceDisconnected
 .text.USBD_USR_DeviceSuspended
                0x080014cc        0xc ..\obj\usbd_usr.o
                0x080014cc                USBD_USR_DeviceSuspended
 .text.USBD_USR_DeviceResumed
                0x080014d8        0xc ..\obj\usbd_usr.o
                0x080014d8                USBD_USR_DeviceResumed
 .text.USART_Init
                0x080014e4      0x174 ..\obj\stm32f4xx_usart.o
                0x080014e4                USART_Init
 .text.USART_Cmd
                0x08001658       0x40 ..\obj\stm32f4xx_usart.o
                0x08001658                USART_Cmd
 .text.USART_SendData
                0x08001698       0x24 ..\obj\stm32f4xx_usart.o
                0x08001698                USART_SendData
 .text.USART_ITConfig
                0x080016bc       0x90 ..\obj\stm32f4xx_usart.o
                0x080016bc                USART_ITConfig
 .text.USART_GetFlagStatus
                0x0800174c       0x38 ..\obj\stm32f4xx_usart.o
                0x0800174c                USART_GetFlagStatus
 .text.USART_GetITStatus
                0x08001784       0xb4 ..\obj\stm32f4xx_usart.o
                0x08001784                USART_GetITStatus
 .text.DAC_Init
                0x08001838       0x64 ..\obj\stm32f4xx_dac.o
                0x08001838                DAC_Init
 .text.DAC_Cmd  0x0800189c       0x48 ..\obj\stm32f4xx_dac.o
                0x0800189c                DAC_Cmd
 .text.DAC_SetChannel1Data
                0x080018e4       0x34 ..\obj\stm32f4xx_dac.o
                0x080018e4                DAC_SetChannel1Data
 .text.DAC_DMACmd
                0x08001918       0x4c ..\obj\stm32f4xx_dac.o
                0x08001918                DAC_DMACmd
 .text.Default_Reset_Handler
                0x08001964       0x5c ..\obj\startup_stm32f4xx.o
                0x08001964                Default_Reset_Handler
                0x08001964                Reset_Handler
 .text.Default_Handler
                0x080019c0        0x8 ..\obj\startup_stm32f4xx.o
                0x080019c0                RTC_Alarm_IRQHandler
                0x080019c0                HASH_RNG_IRQHandler
                0x080019c0                EXTI2_IRQHandler
                0x080019c0                TIM8_CC_IRQHandler
                0x080019c0                TIM1_CC_IRQHandler
                0x080019c0                DMA2_Stream5_IRQHandler
                0x080019c0                DMA1_Stream5_IRQHandler
                0x080019c0                PVD_IRQHandler
                0x080019c0                SDIO_IRQHandler
                0x080019c0                TAMP_STAMP_IRQHandler
                0x080019c0                CAN2_RX1_IRQHandler
                0x080019c0                EXTI3_IRQHandler
                0x080019c0                TIM8_TRG_COM_TIM14_IRQHandler
                0x080019c0                TIM1_UP_TIM10_IRQHandler
                0x080019c0                TIM8_UP_TIM13_IRQHandler
                0x080019c0                I2C3_ER_IRQHandler
                0x080019c0                EXTI0_IRQHandler
                0x080019c0                I2C2_EV_IRQHandler
                0x080019c0                DMA1_Stream2_IRQHandler
                0x080019c0                CAN1_RX0_IRQHandler
                0x080019c0                FPU_IRQHandler
                0x080019c0                OTG_HS_WKUP_IRQHandler
                0x080019c0                CAN2_SCE_IRQHandler
                0x080019c0                DMA2_Stream2_IRQHandler
                0x080019c0                SPI1_IRQHandler
                0x080019c0                TIM6_DAC_IRQHandler
                0x080019c0                TIM1_BRK_TIM9_IRQHandler
                0x080019c0                DCMI_IRQHandler
                0x080019c0                CAN2_RX0_IRQHandler
                0x080019c0                DMA2_Stream3_IRQHandler
                0x080019c0                USART6_IRQHandler
                0x080019c0                USART3_IRQHandler
                0x080019c0                CRYP_IRQHandler
                0x080019c0                CAN1_RX1_IRQHandler
                0x080019c0                UART5_IRQHandler
                0x080019c0                DMA2_Stream0_IRQHandler
                0x080019c0                TIM4_IRQHandler
                0x080019c0                I2C1_EV_IRQHandler
                0x080019c0                DMA1_Stream6_IRQHandler
                0x080019c0                DMA1_Stream1_IRQHandler
                0x080019c0                UART4_IRQHandler
                0x080019c0                TIM3_IRQHandler
                0x080019c0                RCC_IRQHandler
                0x080019c0                TIM8_BRK_TIM12_IRQHandler
                0x080019c0                EXTI15_10_IRQHandler
                0x080019c0                ADC_IRQHandler
                0x080019c0                DMA1_Stream7_IRQHandler
                0x080019c0                TIM7_IRQHandler
                0x080019c0                CAN2_TX_IRQHandler
                0x080019c0                TIM5_IRQHandler
                0x080019c0                DMA2_Stream7_IRQHandler
                0x080019c0                I2C3_EV_IRQHandler
                0x080019c0                EXTI9_5_IRQHandler
                0x080019c0                RTC_WKUP_IRQHandler
                0x080019c0                ETH_WKUP_IRQHandler
                0x080019c0                SPI2_IRQHandler
                0x080019c0                OTG_HS_EP1_IN_IRQHandler
                0x080019c0                DMA1_Stream0_IRQHandler
                0x080019c0                CAN1_TX_IRQHandler
                0x080019c0                EXTI4_IRQHandler
                0x080019c0                FSMC_IRQHandler
                0x080019c0                ETH_IRQHandler
                0x080019c0                OTG_HS_EP1_OUT_IRQHandler
                0x080019c0                WWDG_IRQHandler
                0x080019c0                TIM2_IRQHandler
                0x080019c0                TIM1_TRG_COM_TIM11_IRQHandler
                0x080019c0                OTG_HS_IRQHandler
                0x080019c0                EXTI1_IRQHandler
                0x080019c0                I2C2_ER_IRQHandler
                0x080019c0                DMA2_Stream1_IRQHandler
                0x080019c0                CAN1_SCE_IRQHandler
                0x080019c0                FLASH_IRQHandler
                0x080019c0                DMA2_Stream4_IRQHandler
                0x080019c0                USART1_IRQHandler
                0x080019c0                SPI3_IRQHandler
                0x080019c0                DMA1_Stream4_IRQHandler
                0x080019c0                I2C1_ER_IRQHandler
                0x080019c0                DMA2_Stream6_IRQHandler
                0x080019c0                DMA1_Stream3_IRQHandler
 .text.USBD_Init
                0x080019c8       0x58 ..\obj\usbd_core.o
                0x080019c8                USBD_Init
 .text.USBD_DeInit
                0x08001a20       0x14 ..\obj\usbd_core.o
                0x08001a20                USBD_DeInit
 .text.USBD_SetupStage
                0x08001a34       0x6c ..\obj\usbd_core.o
 .text.USBD_DataOutStage
                0x08001aa0       0xcc ..\obj\usbd_core.o
 .text.USBD_DataInStage
                0x08001b6c      0x104 ..\obj\usbd_core.o
 .text.USBD_Reset
                0x08001c70       0x44 ..\obj\usbd_core.o
 .text.USBD_Resume
                0x08001cb4       0x24 ..\obj\usbd_core.o
 .text.USBD_Suspend
                0x08001cd8       0x24 ..\obj\usbd_core.o
 .text.USBD_SOF
                0x08001cfc       0x2c ..\obj\usbd_core.o
 .text.USBD_SetCfg
                0x08001d28       0x30 ..\obj\usbd_core.o
                0x08001d28                USBD_SetCfg
 .text.USBD_ClrCfg
                0x08001d58       0x28 ..\obj\usbd_core.o
                0x08001d58                USBD_ClrCfg
 .text.USBD_IsoINIncomplete
                0x08001d80       0x20 ..\obj\usbd_core.o
 .text.USBD_IsoOUTIncomplete
                0x08001da0       0x20 ..\obj\usbd_core.o
 .text.main     0x08001dc0      0x13c ..\obj\main.o
                0x08001dc0                main
 .text.RCC_GetClocksFreq
                0x08001efc      0x154 ..\obj\stm32f4xx_rcc.o
                0x08001efc                RCC_GetClocksFreq
 .text.RCC_AHB1PeriphClockCmd
                0x08002050       0x3c ..\obj\stm32f4xx_rcc.o
                0x08002050                RCC_AHB1PeriphClockCmd
 .text.RCC_AHB2PeriphClockCmd
                0x0800208c       0x3c ..\obj\stm32f4xx_rcc.o
                0x0800208c                RCC_AHB2PeriphClockCmd
 .text.RCC_APB1PeriphClockCmd
                0x080020c8       0x3c ..\obj\stm32f4xx_rcc.o
                0x080020c8                RCC_APB1PeriphClockCmd
 .text.RCC_APB2PeriphClockCmd
                0x08002104       0x3c ..\obj\stm32f4xx_rcc.o
                0x08002104                RCC_APB2PeriphClockCmd
 .text.RCC_APB1PeriphResetCmd
                0x08002140       0x3c ..\obj\stm32f4xx_rcc.o
                0x08002140                RCC_APB1PeriphResetCmd
 .text.NVIC_EnableIRQ
                0x0800217c       0x30 ..\obj\init.o
 .text.MY_DMA_initM2P
                0x080021ac       0x88 ..\obj\init.o
                0x080021ac                MY_DMA_initM2P
 .text.MY_DAC_init
                0x08002234       0x6c ..\obj\init.o
                0x08002234                MY_DAC_init
 .text.MY_DAC_initTimerForUpdating
                0x080022a0       0x4c ..\obj\init.o
                0x080022a0                MY_DAC_initTimerForUpdating
 .text.rcc      0x080022ec       0x50 ..\obj\init.o
                0x080022ec                rcc
 .text.gpio     0x0800233c       0xc0 ..\obj\init.o
                0x0800233c                gpio
 .text.tim      0x080023fc       0x38 ..\obj\init.o
                0x080023fc                tim
 .text.usart    0x08002434       0x40 ..\obj\init.o
                0x08002434                usart
 .text.NVIC_usart
                0x08002474       0x3c ..\obj\init.o
                0x08002474                NVIC_usart
 .text.USART2_IRQHandler
                0x080024b0       0x28 ..\obj\init.o
                0x080024b0                USART2_IRQHandler
 .text.send_char
                0x080024d8       0x34 ..\obj\init.o
                0x080024d8                send_char
 .text.send_string
                0x0800250c       0x28 ..\obj\init.o
                0x0800250c                send_string
 .text.USBD_USR_DeviceDescriptor
                0x08002534       0x24 ..\obj\usbd_desc.o
                0x08002534                USBD_USR_DeviceDescriptor
 .text.USBD_USR_LangIDStrDescriptor
                0x08002558       0x24 ..\obj\usbd_desc.o
                0x08002558                USBD_USR_LangIDStrDescriptor
 .text.USBD_USR_ProductStrDescriptor
                0x0800257c       0x40 ..\obj\usbd_desc.o
                0x0800257c                USBD_USR_ProductStrDescriptor
 .text.USBD_USR_ManufacturerStrDescriptor
                0x080025bc       0x28 ..\obj\usbd_desc.o
                0x080025bc                USBD_USR_ManufacturerStrDescriptor
 .text.USBD_USR_SerialStrDescriptor
                0x080025e4       0x40 ..\obj\usbd_desc.o
                0x080025e4                USBD_USR_SerialStrDescriptor
 .text.USBD_USR_ConfigStrDescriptor
                0x08002624       0x3c ..\obj\usbd_desc.o
                0x08002624                USBD_USR_ConfigStrDescriptor
 .text.USBD_USR_InterfaceStrDescriptor
                0x08002660       0x3c ..\obj\usbd_desc.o
                0x08002660                USBD_USR_InterfaceStrDescriptor
 .text.GPIO_Init
                0x0800269c      0x11c ..\obj\stm32f4xx_gpio.o
                0x0800269c                GPIO_Init
 .text.GPIO_ReadInputDataBit
                0x080027b8       0x34 ..\obj\stm32f4xx_gpio.o
                0x080027b8                GPIO_ReadInputDataBit
 .text.GPIO_SetBits
                0x080027ec       0x1c ..\obj\stm32f4xx_gpio.o
                0x080027ec                GPIO_SetBits
 .text.GPIO_ResetBits
                0x08002808       0x1c ..\obj\stm32f4xx_gpio.o
                0x08002808                GPIO_ResetBits
 .text.GPIO_PinAFConfig
                0x08002824       0x90 ..\obj\stm32f4xx_gpio.o
                0x08002824                GPIO_PinAFConfig
 .text.VCP_Init
                0x080028b4       0x10 ..\obj\usbd_cdc_vcp.o
 .text.VCP_DeInit
                0x080028c4       0x10 ..\obj\usbd_cdc_vcp.o
 .text.VCP_Ctrl
                0x080028d4      0x110 ..\obj\usbd_cdc_vcp.o
 .text.VCP_put_char
                0x080029e4       0x1c ..\obj\usbd_cdc_vcp.o
                0x080029e4                VCP_put_char
 .text.VCP_DataTx
                0x08002a00       0x5c ..\obj\usbd_cdc_vcp.o
 .text.VCP_DataRx
                0x08002a5c       0x70 ..\obj\usbd_cdc_vcp.o
 .text.SystemInit
                0x08002acc       0x5c ..\obj\system_stm32f4xx.o
                0x08002acc                SystemInit
 .text.SystemCoreClockUpdate
                0x08002b28       0xf8 ..\obj\system_stm32f4xx.o
                0x08002b28                SystemCoreClockUpdate
 .text.SetSysClock
                0x08002c20       0xf4 ..\obj\system_stm32f4xx.o
 .text.DMA_Init
                0x08002d14       0xac ..\obj\stm32f4xx_dma.o
                0x08002d14                DMA_Init
 .text.DMA_Cmd  0x08002dc0       0x38 ..\obj\stm32f4xx_dma.o
                0x08002dc0                DMA_Cmd
 .text.USB_OTG_BSP_Init
                0x08002df8       0xb0 ..\obj\usb_bsp.o
                0x08002df8                USB_OTG_BSP_Init
 .text.USB_OTG_BSP_EnableInterrupt
                0x08002ea8       0x34 ..\obj\usb_bsp.o
                0x08002ea8                USB_OTG_BSP_EnableInterrupt
 .text.USB_OTG_BSP_uDelay
                0x08002edc       0x48 ..\obj\usb_bsp.o
                0x08002edc                USB_OTG_BSP_uDelay
 .text.USB_OTG_BSP_mDelay
                0x08002f24       0x20 ..\obj\usb_bsp.o
                0x08002f24                USB_OTG_BSP_mDelay
 .text.USBD_StdDevReq
                0x08002f44       0xa0 ..\obj\usbd_req.o
                0x08002f44                USBD_StdDevReq
 .text.USBD_StdItfReq
                0x08002fe4       0x68 ..\obj\usbd_req.o
                0x08002fe4                USBD_StdItfReq
 .text.USBD_StdEPReq
                0x0800304c      0x1b0 ..\obj\usbd_req.o
                0x0800304c                USBD_StdEPReq
 .text.USBD_GetDescriptor
                0x080031fc      0x1a8 ..\obj\usbd_req.o
 .text.USBD_SetAddress
                0x080033a4       0x7c ..\obj\usbd_req.o
 .text.USBD_SetConfig
                0x08003420       0xf4 ..\obj\usbd_req.o
 .text.USBD_GetConfig
                0x08003514       0x60 ..\obj\usbd_req.o
 .text.USBD_GetStatus
                0x08003574       0x50 ..\obj\usbd_req.o
 .text.USBD_SetFeature
                0x080035c4       0xd0 ..\obj\usbd_req.o
 .text.USBD_ClrFeature
                0x08003694       0x50 ..\obj\usbd_req.o
 .text.USBD_ParseSetupRequest
                0x080036e4       0x90 ..\obj\usbd_req.o
                0x080036e4                USBD_ParseSetupRequest
 .text.USBD_CtlError
                0x08003774       0x48 ..\obj\usbd_req.o
                0x08003774                USBD_CtlError
 .text.USBD_GetString
                0x080037bc       0x88 ..\obj\usbd_req.o
                0x080037bc                USBD_GetString
 .text.USBD_GetLen
                0x08003844       0x30 ..\obj\usbd_req.o
 .text.USBD_OTG_ISR_Handler
                0x08003874      0x15c ..\obj\usb_dcd_int.o
                0x08003874                USBD_OTG_ISR_Handler
 .text.DCD_HandleResume_ISR
                0x080039d0       0x80 ..\obj\usb_dcd_int.o
 .text.DCD_HandleUSBSuspend_ISR
                0x08003a50       0x9c ..\obj\usb_dcd_int.o
 .text.DCD_HandleInEP_ISR
                0x08003aec      0x1ec ..\obj\usb_dcd_int.o
 .text.DCD_HandleOutEP_ISR
                0x08003cd8      0x178 ..\obj\usb_dcd_int.o
 .text.DCD_HandleSof_ISR
                0x08003e50       0x34 ..\obj\usb_dcd_int.o
 .text.DCD_HandleRxStatusQueueLevel_ISR
                0x08003e84      0x104 ..\obj\usb_dcd_int.o
 .text.DCD_WriteEmptyTxFifo
                0x08003f88       0xe4 ..\obj\usb_dcd_int.o
 .text.DCD_HandleUsbReset_ISR
                0x0800406c      0x138 ..\obj\usb_dcd_int.o
 .text.DCD_HandleEnumDone_ISR
                0x080041a4       0x78 ..\obj\usb_dcd_int.o
 .text.DCD_IsoINIncomplete_ISR
                0x0800421c       0x34 ..\obj\usb_dcd_int.o
 .text.DCD_IsoOUTIncomplete_ISR
                0x08004250       0x34 ..\obj\usb_dcd_int.o
 .text.DCD_ReadDevInEP
                0x08004284       0x50 ..\obj\usb_dcd_int.o
 .text.usbd_cdc_Init
                0x080042d4       0x84 ..\obj\usbd_cdc_core.o
 .text.usbd_cdc_DeInit
                0x08004358       0x38 ..\obj\usbd_cdc_core.o
 .text.usbd_cdc_Setup
                0x08004390      0x11c ..\obj\usbd_cdc_core.o
 .text.usbd_cdc_EP0_RxReady
                0x080044ac       0x40 ..\obj\usbd_cdc_core.o
 .text.usbd_cdc_DataIn
                0x080044ec       0xc0 ..\obj\usbd_cdc_core.o
 .text.usbd_cdc_DataOut
                0x080045ac       0x54 ..\obj\usbd_cdc_core.o
 .text.usbd_cdc_SOF
                0x08004600       0x30 ..\obj\usbd_cdc_core.o
 .text.Handle_USBAsynchXfer
                0x08004630      0x100 ..\obj\usbd_cdc_core.o
 .text.USBD_cdc_GetCfgDesc
                0x08004730       0x24 ..\obj\usbd_cdc_core.o
 .text.NVIC_SetPriority
                0x08004754       0x54 ..\obj\VCP.o
 .text.SysTick_Config
                0x080047a8       0x44 ..\obj\VCP.o
 .text.init_VCP
                0x080047ec       0x80 ..\obj\VCP.o
                0x080047ec                init_VCP
 .text.ColorfulRingOfDeath
                0x0800486c       0x4c ..\obj\VCP.o
                0x0800486c                ColorfulRingOfDeath
 .text.SysTick_Handler
                0x080048b8       0x30 ..\obj\VCP.o
                0x080048b8                SysTick_Handler
 .text.NMI_Handler
                0x080048e8        0xc ..\obj\VCP.o
                0x080048e8                NMI_Handler
 .text.HardFault_Handler
                0x080048f4        0xc ..\obj\VCP.o
                0x080048f4                HardFault_Handler
 .text.MemManage_Handler
                0x08004900        0xc ..\obj\VCP.o
                0x08004900                MemManage_Handler
 .text.BusFault_Handler
                0x0800490c        0xc ..\obj\VCP.o
                0x0800490c                BusFault_Handler
 .text.UsageFault_Handler
                0x08004918        0xc ..\obj\VCP.o
                0x08004918                UsageFault_Handler
 .text.SVC_Handler
                0x08004924        0xc ..\obj\VCP.o
                0x08004924                SVC_Handler
 .text.DebugMon_Handler
                0x08004930        0xc ..\obj\VCP.o
                0x08004930                DebugMon_Handler
 .text.PendSV_Handler
                0x0800493c        0xc ..\obj\VCP.o
                0x0800493c                PendSV_Handler
 .text.OTG_FS_IRQHandler
                0x08004948       0x14 ..\obj\VCP.o
                0x08004948                OTG_FS_IRQHandler
 .text.OTG_FS_WKUP_IRQHandler
                0x0800495c       0x38 ..\obj\VCP.o
                0x0800495c                OTG_FS_WKUP_IRQHandler
 .text.EXTI_ClearITPendingBit
                0x08004994       0x1c ..\obj\stm32f4xx_exti.o
                0x08004994                EXTI_ClearITPendingBit
 .text.NVIC_PriorityGroupConfig
                0x080049b0       0x24 ..\obj\misc.o
                0x080049b0                NVIC_PriorityGroupConfig
 .text.NVIC_Init
                0x080049d4       0xc0 ..\obj\misc.o
                0x080049d4                NVIC_Init
 .text.DCD_Init
                0x08004a94      0x104 ..\obj\usb_dcd.o
                0x08004a94                DCD_Init
 .text.DCD_EP_Open
                0x08004b98       0xac ..\obj\usb_dcd.o
                0x08004b98                DCD_EP_Open
 .text.DCD_EP_Close
                0x08004c44       0x74 ..\obj\usb_dcd.o
                0x08004c44                DCD_EP_Close
 .text.DCD_EP_PrepareRx
                0x08004cb8       0x84 ..\obj\usb_dcd.o
                0x08004cb8                DCD_EP_PrepareRx
 .text.DCD_EP_Tx
                0x08004d3c       0x78 ..\obj\usb_dcd.o
                0x08004d3c                DCD_EP_Tx
 .text.DCD_EP_Stall
                0x08004db4       0x78 ..\obj\usb_dcd.o
                0x08004db4                DCD_EP_Stall
 .text.DCD_EP_ClrStall
                0x08004e2c       0x78 ..\obj\usb_dcd.o
                0x08004e2c                DCD_EP_ClrStall
 .text.DCD_EP_SetAddress
                0x08004ea4       0x3c ..\obj\usb_dcd.o
                0x08004ea4                DCD_EP_SetAddress
 .text.USBD_CtlSendData
                0x08004ee0       0x40 ..\obj\usbd_ioreq.o
                0x08004ee0                USBD_CtlSendData
 .text.USBD_CtlContinueSendData
                0x08004f20       0x28 ..\obj\usbd_ioreq.o
                0x08004f20                USBD_CtlContinueSendData
 .text.USBD_CtlPrepareRx
                0x08004f48       0x40 ..\obj\usbd_ioreq.o
                0x08004f48                USBD_CtlPrepareRx
 .text.USBD_CtlContinueRx
                0x08004f88       0x28 ..\obj\usbd_ioreq.o
                0x08004f88                USBD_CtlContinueRx
 .text.USBD_CtlSendStatus
                0x08004fb0       0x30 ..\obj\usbd_ioreq.o
                0x08004fb0                USBD_CtlSendStatus
 .text.USBD_CtlReceiveStatus
                0x08004fe0       0x30 ..\obj\usbd_ioreq.o
                0x08004fe0                USBD_CtlReceiveStatus
 .text.TIM_TimeBaseInit
                0x08005010       0xd4 ..\obj\stm32f4xx_tim.o
                0x08005010                TIM_TimeBaseInit
 .text.TIM_SetCounter
                0x080050e4       0x1c ..\obj\stm32f4xx_tim.o
                0x080050e4                TIM_SetCounter
 .text.TIM_Cmd  0x08005100       0x40 ..\obj\stm32f4xx_tim.o
                0x08005100                TIM_Cmd
 .text.TIM_GetFlagStatus
                0x08005140       0x38 ..\obj\stm32f4xx_tim.o
                0x08005140                TIM_GetFlagStatus
 .text.TIM_SelectOutputTrigger
                0x08005178       0x38 ..\obj\stm32f4xx_tim.o
                0x08005178                TIM_SelectOutputTrigger
 *(.init)
 *(.fini)
 *crtbegin.o(.ctors)
 *crtbegin?.o(.ctors)
 *(EXCLUDE_FILE(*crtend.o *crtend?.o) .ctors)
 *(SORT(.ctors.*))
 *(.ctors)
 *crtbegin.o(.dtors)
 *crtbegin?.o(.dtors)
 *(EXCLUDE_FILE(*crtend.o *crtend?.o) .dtors)
 *(SORT(.dtors.*))
 *(.dtors)
 *(.rodata*)
 .rodata        0x080051b0        0x9 ..\obj\main.o
 *fill*         0x080051b9        0x3 
 .rodata        0x080051bc      0x800 ..\obj\init.o
                0x080051bc                DAC_DMA_sine12bit
 .rodata        0x080059bc       0x96 ..\obj\usbd_desc.o
 *(.eh_fram e*)

.glue_7         0x08005a54        0x0
 .glue_7        0x08005a54        0x0 linker stubs

.glue_7t        0x08005a54        0x0
 .glue_7t       0x08005a54        0x0 linker stubs

.vfp11_veneer   0x08005a54        0x0
 .vfp11_veneer  0x08005a54        0x0 linker stubs

.v4_bx          0x08005a54        0x0
 .v4_bx         0x08005a54        0x0 linker stubs

.iplt           0x08005a54        0x0
 .iplt          0x08005a54        0x0 ..\obj\usb_core.o

.rel.dyn        0x08005a54        0x0
 .rel.iplt      0x08005a54        0x0 ..\obj\usb_core.o

.ARM.extab
 *(.ARM.extab* .gnu.linkonce.armextab.*)
                0x08005a54                __exidx_start = .

.ARM.exidx
 *(.ARM.exidx* .gnu.linkonce.armexidx.*)
                0x08005a54                __exidx_end = .
                0x08005a54                __etext = .
                0x08005a52                _sidata = __etext

.data           0x20000000      0x140 load address 0x08005a52
                0x20000000                __data_start__ = .
                0x20000000                _sdata = __data_start__
 *(vtable)
 *(.data*)
 .data          0x20000000       0x1c ..\obj\usbd_usr.o
                0x20000000                USR_cb
 .data          0x2000001c       0x30 ..\obj\usbd_core.o
                0x2000001c                USBD_DCD_INT_cb
                0x20000048                USBD_DCD_INT_fops
 .data          0x2000004c       0x10 ..\obj\stm32f4xx_rcc.o
 .data          0x2000005c       0x40 ..\obj\usbd_desc.o
                0x2000005c                USR_desc
                0x20000078                USBD_DeviceDesc
                0x2000008c                USBD_DeviceQualifierDesc
                0x20000098                USBD_LangIDDesc
 .data          0x2000009c       0x1c ..\obj\usbd_cdc_vcp.o
                0x2000009c                linecoding
                0x200000a4                VCP_fops
 .data          0x200000b8       0x14 ..\obj\system_stm32f4xx.o
                0x200000b8                SystemCoreClock
                0x200000bc                AHBPrescTable
 .data          0x200000cc       0x74 ..\obj\usbd_cdc_core.o
                0x200000cc                usbd_cdc_CfgDesc
                0x20000114                USBD_CDC_cb
                0x20000140                . = ALIGN (0x4)
                [!provide]                PROVIDE (__preinit_array_start, .)
 *(.preinit_array)
                [!provide]                PROVIDE (__preinit_array_end, .)
                0x20000140                . = ALIGN (0x4)
                [!provide]                PROVIDE (__init_array_start, .)
 *(SORT(.init_array.*))
 *(.init_array)
                [!provide]                PROVIDE (__init_array_end, .)
                0x20000140                . = ALIGN (0x4)
                [!provide]                PROVIDE (__fini_array_start, .)
 *(SORT(.fini_array.*))
 *(.fini_array)
                [!provide]                PROVIDE (__fini_array_end, .)
 *(.jcr*)
                0x20000140                . = ALIGN (0x4)
                0x20000140                __data_end__ = .
                0x20000140                _edata = __data_end__

.igot.plt       0x20000140        0x0 load address 0x08005b94
 .igot.plt      0x20000140        0x0 ..\obj\usb_core.o

.bss            0x20000140      0xf7c load address 0x08005b94
                0x20000140                . = ALIGN (0x4)
                0x20000140                __bss_start__ = .
                0x20000140                _sbss = __bss_start__
 *(.bss*)
 .bss           0x20000140        0xd ..\obj\usbd_req.o
                0x20000140                USBD_ep_status
                0x20000144                USBD_default_cfg
                0x20000148                USBD_cfg_status
 *fill*         0x2000014d        0x3 
 .bss           0x20000150       0x1c ..\obj\usbd_cdc_core.o
                0x20000154                APP_Rx_ptr_in
                0x20000158                APP_Rx_ptr_out
                0x2000015c                APP_Rx_length
                0x20000160                USB_Tx_State
 *(COMMON)
 COMMON         0x2000016c      0x5f8 ..\obj\main.o
                0x2000016c                ticker
                0x20000170                downTicker
                0x20000174                USB_OTG_dev
 COMMON         0x20000764       0x98 ..\obj\usbd_cdc_vcp.o
                0x20000764                APP_Tx_Buffer
                0x200007e4                APP_tx_ptr_tail
                0x200007e8                USART_InitStructure
                0x200007f8                APP_tx_ptr_head
 COMMON         0x200007fc       0x32 ..\obj\usbd_req.o
                0x200007fc                USBD_StrDesc
 *fill*         0x2000082e        0x2 
 COMMON         0x20000830      0x88c ..\obj\usbd_cdc_core.o
                0x20000830                usbd_cdc_OtherCfgDesc
                0x20000874                USB_Rx_Buffer
                0x200008b4                CmdBuff
                0x200008bc                APP_Rx_Buffer
                0x200010bc                . = ALIGN (0x4)
                0x200010bc                __bss_end__ = .
                0x200010bc                _ebss = __bss_end__

.heap           0x200010bc        0x0
                0x200010bc                __end__ = .
                0x200010bc                _end = __end__
                0x200010bc                end = __end__
 *(.heap*)
                0x200010bc                __HeapLimit = .

.co_stack       0x200010bc      0x804 load address 0x08006b10
                0x200010c0                . = ALIGN (0x8)
 *fill*         0x200010bc        0x4 
 *(.co_stack .co_stack.*)
 .co_stack      0x200010c0      0x800 ..\obj\startup_stm32f4xx.o
                0x200010c0                pulStack
                0x20020000                __StackTop = (ORIGIN (ram) + LENGTH (ram))
                0x2001f7fc                __StackLimit = (__StackTop - SIZEOF (.co_stack))
                [!provide]                PROVIDE (__stack, __StackTop)
                0x00000001                ASSERT ((__StackLimit >= __HeapLimit), region ram  overflowed with stack)
LOAD ..\obj\usb_core.o
LOAD ..\obj\usbd_usr.o
LOAD ..\obj\stm32f4xx_usart.o
LOAD ..\obj\stm32f4xx_dac.o
LOAD ..\obj\startup_stm32f4xx.o
LOAD ..\obj\usbd_core.o
LOAD ..\obj\main.o
LOAD ..\obj\stm32f4xx_rcc.o
LOAD ..\obj\init.o
LOAD ..\obj\usbd_desc.o
LOAD ..\obj\stm32f4xx_gpio.o
LOAD ..\obj\usbd_cdc_vcp.o
LOAD ..\obj\system_stm32f4xx.o
LOAD ..\obj\stm32f4xx_dma.o
LOAD ..\obj\usb_bsp.o
LOAD ..\obj\usbd_req.o
LOAD ..\obj\usb_dcd_int.o
LOAD ..\obj\usbd_cdc_core.o
LOAD ..\obj\VCP.o
LOAD ..\obj\stm32f4xx_exti.o
LOAD ..\obj\misc.o
LOAD ..\obj\usb_dcd.o
LOAD ..\obj\stm32f4xx_rtc.o
LOAD ..\obj\usbd_ioreq.o
LOAD ..\obj\stm32f4xx_tim.o
START GROUP
LOAD c:/programy/gnu/bin/../lib/gcc/arm-none-eabi/5.3.1/armv7e-m\libgcc.a
LOAD c:/programy/gnu/bin/../lib/gcc/arm-none-eabi/5.3.1/../../../../arm-none-eabi/lib/armv7e-m\libg.a
LOAD c:/programy/gnu/bin/../lib/gcc/arm-none-eabi/5.3.1/../../../../arm-none-eabi/lib/armv7e-m\libc.a
END GROUP
OUTPUT(build.elf elf32-littlearm)

.debug_info     0x00000000    0x12c1e
 .debug_info    0x00000000     0x2537 ..\obj\usb_core.o
 .debug_info    0x00002537      0x1cb ..\obj\usbd_usr.o
 .debug_info    0x00002702      0x9ca ..\obj\stm32f4xx_usart.o
 .debug_info    0x000030cc      0x642 ..\obj\stm32f4xx_dac.o
 .debug_info    0x0000370e       0xf2 ..\obj\startup_stm32f4xx.o
 .debug_info    0x00003800      0xead ..\obj\usbd_core.o
 .debug_info    0x000046ad      0xe05 ..\obj\main.o
 .debug_info    0x000054b2      0xc63 ..\obj\stm32f4xx_rcc.o
 .debug_info    0x00006115      0xd71 ..\obj\init.o
 .debug_info    0x00006e86      0x363 ..\obj\usbd_desc.o
 .debug_info    0x000071e9      0x61a ..\obj\stm32f4xx_gpio.o
 .debug_info    0x00007803      0x4b2 ..\obj\usbd_cdc_vcp.o
 .debug_info    0x00007cb5      0x5c5 ..\obj\system_stm32f4xx.o
 .debug_info    0x0000827a      0x741 ..\obj\stm32f4xx_dma.o
 .debug_info    0x000089bb     0x102a ..\obj\usb_bsp.o
 .debug_info    0x000099e5      0xfaf ..\obj\usbd_req.o
 .debug_info    0x0000a994     0x1da6 ..\obj\usb_dcd_int.o
 .debug_info    0x0000c73a      0xf06 ..\obj\usbd_cdc_core.o
 .debug_info    0x0000d640     0x13ca ..\obj\VCP.o
 .debug_info    0x0000ea0a      0x357 ..\obj\stm32f4xx_exti.o
 .debug_info    0x0000ed61      0x556 ..\obj\misc.o
 .debug_info    0x0000f2b7     0x1033 ..\obj\usb_dcd.o
 .debug_info    0x000102ea      0xccb ..\obj\usbd_ioreq.o
 .debug_info    0x00010fb5     0x1c69 ..\obj\stm32f4xx_tim.o

.debug_abbrev   0x00000000     0x2a8a
 .debug_abbrev  0x00000000      0x2eb ..\obj\usb_core.o
 .debug_abbrev  0x000002eb       0xdd ..\obj\usbd_usr.o
 .debug_abbrev  0x000003c8      0x157 ..\obj\stm32f4xx_usart.o
 .debug_abbrev  0x0000051f      0x17e ..\obj\stm32f4xx_dac.o
 .debug_abbrev  0x0000069d       0xb0 ..\obj\startup_stm32f4xx.o
 .debug_abbrev  0x0000074d      0x21f ..\obj\usbd_core.o
 .debug_abbrev  0x0000096c      0x1bc ..\obj\main.o
 .debug_abbrev  0x00000b28      0x1e5 ..\obj\stm32f4xx_rcc.o
 .debug_abbrev  0x00000d0d      0x23f ..\obj\init.o
 .debug_abbrev  0x00000f4c      0x12c ..\obj\usbd_desc.o
 .debug_abbrev  0x00001078      0x1a7 ..\obj\stm32f4xx_gpio.o
 .debug_abbrev  0x0000121f      0x18b ..\obj\usbd_cdc_vcp.o
 .debug_abbrev  0x000013aa      0x138 ..\obj\system_stm32f4xx.o
 .debug_abbrev  0x000014e2      0x157 ..\obj\stm32f4xx_dma.o
 .debug_abbrev  0x00001639      0x23a ..\obj\usb_bsp.o
 .debug_abbrev  0x00001873      0x295 ..\obj\usbd_req.o
 .debug_abbrev  0x00001b08      0x25d ..\obj\usb_dcd_int.o
 .debug_abbrev  0x00001d65      0x217 ..\obj\usbd_cdc_core.o
 .debug_abbrev  0x00001f7c      0x289 ..\obj\VCP.o
 .debug_abbrev  0x00002205      0x1a9 ..\obj\stm32f4xx_exti.o
 .debug_abbrev  0x000023ae      0x147 ..\obj\misc.o
 .debug_abbrev  0x000024f5      0x25b ..\obj\usb_dcd.o
 .debug_abbrev  0x00002750      0x1b1 ..\obj\usbd_ioreq.o
 .debug_abbrev  0x00002901      0x189 ..\obj\stm32f4xx_tim.o

.debug_aranges  0x00000000      0xeb0
 .debug_aranges
                0x00000000      0x138 ..\obj\usb_core.o
 .debug_aranges
                0x00000138       0x50 ..\obj\usbd_usr.o
 .debug_aranges
                0x00000188      0x100 ..\obj\stm32f4xx_usart.o
 .debug_aranges
                0x00000288       0xa0 ..\obj\stm32f4xx_dac.o
 .debug_aranges
                0x00000328       0x28 ..\obj\startup_stm32f4xx.o
 .debug_aranges
                0x00000350       0x80 ..\obj\usbd_core.o
 .debug_aranges
                0x000003d0       0x20 ..\obj\main.o
 .debug_aranges
                0x000003f0      0x178 ..\obj\stm32f4xx_rcc.o
 .debug_aranges
                0x00000568       0x80 ..\obj\init.o
 .debug_aranges
                0x000005e8       0x50 ..\obj\usbd_desc.o
 .debug_aranges
                0x00000638       0x88 ..\obj\stm32f4xx_gpio.o
 .debug_aranges
                0x000006c0       0x70 ..\obj\usbd_cdc_vcp.o
 .debug_aranges
                0x00000730       0x30 ..\obj\system_stm32f4xx.o
 .debug_aranges
                0x00000760       0xb0 ..\obj\stm32f4xx_dma.o
 .debug_aranges
                0x00000810       0x48 ..\obj\usb_bsp.o
 .debug_aranges
                0x00000858       0x88 ..\obj\usbd_req.o
 .debug_aranges
                0x000008e0       0x80 ..\obj\usb_dcd_int.o
 .debug_aranges
                0x00000960       0x60 ..\obj\usbd_cdc_core.o
 .debug_aranges
                0x000009c0       0x90 ..\obj\VCP.o
 .debug_aranges
                0x00000a50       0x58 ..\obj\stm32f4xx_exti.o
 .debug_aranges
                0x00000aa8       0x40 ..\obj\misc.o
 .debug_aranges
                0x00000ae8       0x80 ..\obj\usb_dcd.o
 .debug_aranges
                0x00000b68       0x50 ..\obj\usbd_ioreq.o
 .debug_aranges
                0x00000bb8      0x2f8 ..\obj\stm32f4xx_tim.o

.debug_ranges   0x00000000      0xd30
 .debug_ranges  0x00000000      0x128 ..\obj\usb_core.o
 .debug_ranges  0x00000128       0x40 ..\obj\usbd_usr.o
 .debug_ranges  0x00000168       0xf0 ..\obj\stm32f4xx_usart.o
 .debug_ranges  0x00000258       0x90 ..\obj\stm32f4xx_dac.o
 .debug_ranges  0x000002e8       0x18 ..\obj\startup_stm32f4xx.o
 .debug_ranges  0x00000300       0x70 ..\obj\usbd_core.o
 .debug_ranges  0x00000370       0x10 ..\obj\main.o
 .debug_ranges  0x00000380      0x168 ..\obj\stm32f4xx_rcc.o
 .debug_ranges  0x000004e8       0x70 ..\obj\init.o
 .debug_ranges  0x00000558       0x40 ..\obj\usbd_desc.o
 .debug_ranges  0x00000598       0x78 ..\obj\stm32f4xx_gpio.o
 .debug_ranges  0x00000610       0x60 ..\obj\usbd_cdc_vcp.o
 .debug_ranges  0x00000670       0x20 ..\obj\system_stm32f4xx.o
 .debug_ranges  0x00000690       0xa0 ..\obj\stm32f4xx_dma.o
 .debug_ranges  0x00000730       0x38 ..\obj\usb_bsp.o
 .debug_ranges  0x00000768       0x78 ..\obj\usbd_req.o
 .debug_ranges  0x000007e0       0x70 ..\obj\usb_dcd_int.o
 .debug_ranges  0x00000850       0x50 ..\obj\usbd_cdc_core.o
 .debug_ranges  0x000008a0       0x80 ..\obj\VCP.o
 .debug_ranges  0x00000920       0x48 ..\obj\stm32f4xx_exti.o
 .debug_ranges  0x00000968       0x30 ..\obj\misc.o
 .debug_ranges  0x00000998       0x70 ..\obj\usb_dcd.o
 .debug_ranges  0x00000a08       0x40 ..\obj\usbd_ioreq.o
 .debug_ranges  0x00000a48      0x2e8 ..\obj\stm32f4xx_tim.o

.debug_line     0x00000000     0x518c
 .debug_line    0x00000000      0x6a2 ..\obj\usb_core.o
 .debug_line    0x000006a2      0x1cf ..\obj\usbd_usr.o
 .debug_line    0x00000871      0x48b ..\obj\stm32f4xx_usart.o
 .debug_line    0x00000cfc      0x324 ..\obj\stm32f4xx_dac.o
 .debug_line    0x00001020       0xa2 ..\obj\startup_stm32f4xx.o
 .debug_line    0x000010c2      0x2f9 ..\obj\usbd_core.o
 .debug_line    0x000013bb      0x249 ..\obj\main.o
 .debug_line    0x00001604      0x577 ..\obj\stm32f4xx_rcc.o
 .debug_line    0x00001b7b      0x374 ..\obj\init.o
 .debug_line    0x00001eef      0x1f3 ..\obj\usbd_desc.o
 .debug_line    0x000020e2      0x332 ..\obj\stm32f4xx_gpio.o
 .debug_line    0x00002414      0x2f1 ..\obj\usbd_cdc_vcp.o
 .debug_line    0x00002705      0x1b2 ..\obj\system_stm32f4xx.o
 .debug_line    0x000028b7      0x3fc ..\obj\stm32f4xx_dma.o
 .debug_line    0x00002cb3      0x28c ..\obj\usb_bsp.o
 .debug_line    0x00002f3f      0x3e1 ..\obj\usbd_req.o
 .debug_line    0x00003320      0x362 ..\obj\usb_dcd_int.o
 .debug_line    0x00003682      0x2bb ..\obj\usbd_cdc_core.o
 .debug_line    0x0000393d      0x43f ..\obj\VCP.o
 .debug_line    0x00003d7c      0x273 ..\obj\stm32f4xx_exti.o
 .debug_line    0x00003fef      0x210 ..\obj\misc.o
 .debug_line    0x000041ff      0x2ed ..\obj\usb_dcd.o
 .debug_line    0x000044ec      0x20d ..\obj\usbd_ioreq.o
 .debug_line    0x000046f9      0xa93 ..\obj\stm32f4xx_tim.o

.debug_str      0x00000000     0x4e32
 .debug_str     0x00000000     0x1326 ..\obj\usb_core.o
                               0x168c (size before relaxing)
 .debug_str     0x00001326       0xe6 ..\obj\usbd_usr.o
                                0x2ac (size before relaxing)
 .debug_str     0x0000140c      0x509 ..\obj\stm32f4xx_usart.o
                                0x690 (size before relaxing)
 .debug_str     0x00001915      0x29c ..\obj\stm32f4xx_dac.o
                                0x454 (size before relaxing)
 .debug_str     0x00001bb1       0xb1 ..\obj\startup_stm32f4xx.o
                                0x148 (size before relaxing)
 .debug_str     0x00001c62      0x18f ..\obj\usbd_core.o
                                0xad2 (size before relaxing)
 .debug_str     0x00001df1      0x14f ..\obj\main.o
                                0xa62 (size before relaxing)
 .debug_str     0x00001f40      0x5e4 ..\obj\stm32f4xx_rcc.o
                                0x851 (size before relaxing)
 .debug_str     0x00002524      0x9e3 ..\obj\init.o
                                0xd7a (size before relaxing)
 .debug_str     0x00002f07      0x15f ..\obj\usbd_desc.o
                                0x385 (size before relaxing)
 .debug_str     0x00003066      0x1a4 ..\obj\stm32f4xx_gpio.o
                                0x4a4 (size before relaxing)
 .debug_str     0x0000320a      0x1a5 ..\obj\usbd_cdc_vcp.o
                                0x3b7 (size before relaxing)
 .debug_str     0x000033af      0x119 ..\obj\system_stm32f4xx.o
                                0x3ab (size before relaxing)
 .debug_str     0x000034c8      0x262 ..\obj\stm32f4xx_dma.o
                                0x543 (size before relaxing)
 .debug_str     0x0000372a       0xcc ..\obj\usb_bsp.o
                               0x10d3 (size before relaxing)
 .debug_str     0x000037f6      0x175 ..\obj\usbd_req.o
                                0xafd (size before relaxing)
 .debug_str     0x0000396b      0x28a ..\obj\usb_dcd_int.o
                               0x128a (size before relaxing)
 .debug_str     0x00003bf5      0x19e ..\obj\usbd_cdc_core.o
                                0xb1a (size before relaxing)
 .debug_str     0x00003d93      0x15b ..\obj\VCP.o
                               0x11f8 (size before relaxing)
 .debug_str     0x00003eee      0x1ce ..\obj\stm32f4xx_exti.o
                                0x35a (size before relaxing)
 .debug_str     0x000040bc      0x114 ..\obj\misc.o
                                0x3cf (size before relaxing)
 .debug_str     0x000041d0      0x110 ..\obj\usb_dcd.o
                                0xb2c (size before relaxing)
 .debug_str     0x000042e0       0xcb ..\obj\usbd_ioreq.o
                                0x9bc (size before relaxing)
 .debug_str     0x000043ab      0xa87 ..\obj\stm32f4xx_tim.o
                                0xdd1 (size before relaxing)

.comment        0x00000000       0x6e
 .comment       0x00000000       0x6e ..\obj\usb_core.o
                                 0x6f (size before relaxing)
 .comment       0x0000006e       0x6f ..\obj\usbd_usr.o
 .comment       0x0000006e       0x6f ..\obj\stm32f4xx_usart.o
 .comment       0x0000006e       0x6f ..\obj\stm32f4xx_dac.o
 .comment       0x0000006e       0x6f ..\obj\startup_stm32f4xx.o
 .comment       0x0000006e       0x6f ..\obj\usbd_core.o
 .comment       0x0000006e       0x6f ..\obj\main.o
 .comment       0x0000006e       0x6f ..\obj\stm32f4xx_rcc.o
 .comment       0x0000006e       0x6f ..\obj\init.o
 .comment       0x0000006e       0x6f ..\obj\usbd_desc.o
 .comment       0x0000006e       0x6f ..\obj\stm32f4xx_gpio.o
 .comment       0x0000006e       0x6f ..\obj\usbd_cdc_vcp.o
 .comment       0x0000006e       0x6f ..\obj\system_stm32f4xx.o
 .comment       0x0000006e       0x6f ..\obj\stm32f4xx_dma.o
 .comment       0x0000006e       0x6f ..\obj\usb_bsp.o
 .comment       0x0000006e       0x6f ..\obj\usbd_req.o
 .comment       0x0000006e       0x6f ..\obj\usb_dcd_int.o
 .comment       0x0000006e       0x6f ..\obj\usbd_cdc_core.o
 .comment       0x0000006e       0x6f ..\obj\VCP.o
 .comment       0x0000006e       0x6f ..\obj\stm32f4xx_exti.o
 .comment       0x0000006e       0x6f ..\obj\misc.o
 .comment       0x0000006e       0x6f ..\obj\usb_dcd.o
 .comment       0x0000006e       0x6f ..\obj\usbd_ioreq.o
 .comment       0x0000006e       0x6f ..\obj\stm32f4xx_tim.o

.ARM.attributes
                0x00000000       0x33
 .ARM.attributes
                0x00000000       0x33 ..\obj\usb_core.o
 .ARM.attributes
                0x00000033       0x33 ..\obj\usbd_usr.o
 .ARM.attributes
                0x00000066       0x33 ..\obj\stm32f4xx_usart.o
 .ARM.attributes
                0x00000099       0x33 ..\obj\stm32f4xx_dac.o
 .ARM.attributes
                0x000000cc       0x33 ..\obj\startup_stm32f4xx.o
 .ARM.attributes
                0x000000ff       0x33 ..\obj\usbd_core.o
 .ARM.attributes
                0x00000132       0x33 ..\obj\main.o
 .ARM.attributes
                0x00000165       0x33 ..\obj\stm32f4xx_rcc.o
 .ARM.attributes
                0x00000198       0x33 ..\obj\init.o
 .ARM.attributes
                0x000001cb       0x33 ..\obj\usbd_desc.o
 .ARM.attributes
                0x000001fe       0x33 ..\obj\stm32f4xx_gpio.o
 .ARM.attributes
                0x00000231       0x33 ..\obj\usbd_cdc_vcp.o
 .ARM.attributes
                0x00000264       0x33 ..\obj\system_stm32f4xx.o
 .ARM.attributes
                0x00000297       0x33 ..\obj\stm32f4xx_dma.o
 .ARM.attributes
                0x000002ca       0x33 ..\obj\usb_bsp.o
 .ARM.attributes
                0x000002fd       0x33 ..\obj\usbd_req.o
 .ARM.attributes
                0x00000330       0x33 ..\obj\usb_dcd_int.o
 .ARM.attributes
                0x00000363       0x33 ..\obj\usbd_cdc_core.o
 .ARM.attributes
                0x00000396       0x33 ..\obj\VCP.o
 .ARM.attributes
                0x000003c9       0x33 ..\obj\stm32f4xx_exti.o
 .ARM.attributes
                0x000003fc       0x33 ..\obj\misc.o
 .ARM.attributes
                0x0000042f       0x33 ..\obj\usb_dcd.o
 .ARM.attributes
                0x00000462       0x33 ..\obj\usbd_ioreq.o
 .ARM.attributes
                0x00000495       0x33 ..\obj\stm32f4xx_tim.o

.debug_frame    0x00000000     0x3cd8
 .debug_frame   0x00000000      0x584 ..\obj\usb_core.o
 .debug_frame   0x00000584       0xf8 ..\obj\usbd_usr.o
 .debug_frame   0x0000067c      0x490 ..\obj\stm32f4xx_usart.o
 .debug_frame   0x00000b0c      0x2ac ..\obj\stm32f4xx_dac.o
 .debug_frame   0x00000db8       0x4c ..\obj\startup_stm32f4xx.o
 .debug_frame   0x00000e04      0x1e8 ..\obj\usbd_core.o
 .debug_frame   0x00000fec       0x30 ..\obj\main.o
 .debug_frame   0x0000101c      0x6d4 ..\obj\stm32f4xx_rcc.o
 .debug_frame   0x000016f0      0x1dc ..\obj\init.o
 .debug_frame   0x000018cc      0x114 ..\obj\usbd_desc.o
 .debug_frame   0x000019e0      0x23c ..\obj\stm32f4xx_gpio.o
 .debug_frame   0x00001c1c      0x1a4 ..\obj\usbd_cdc_vcp.o
 .debug_frame   0x00001dc0       0x7c ..\obj\system_stm32f4xx.o
 .debug_frame   0x00001e3c      0x308 ..\obj\stm32f4xx_dma.o
 .debug_frame   0x00002144       0xf4 ..\obj\usb_bsp.o
 .debug_frame   0x00002238      0x210 ..\obj\usbd_req.o
 .debug_frame   0x00002448      0x1e8 ..\obj\usb_dcd_int.o
 .debug_frame   0x00002630      0x158 ..\obj\usbd_cdc_core.o
 .debug_frame   0x00002788      0x1e4 ..\obj\VCP.o
 .debug_frame   0x0000296c      0x148 ..\obj\stm32f4xx_exti.o
 .debug_frame   0x00002ab4       0xd8 ..\obj\misc.o
 .debug_frame   0x00002b8c      0x1e8 ..\obj\usb_dcd.o
 .debug_frame   0x00002d74      0x110 ..\obj\usbd_ioreq.o
 .debug_frame   0x00002e84      0xe54 ..\obj\stm32f4xx_tim.o
